// Jest Snapshot v1, https://goo.gl/fbAQLP

exports[`Header test should render component correctly 1`] = `
"<Header>
  <div>
    <Link href=\\"/\\">
      <a style={{...}} onClick={[Function: onClick]} href=\\"/\\">
        Home
      </a>
    </Link>
    <Link href=\\"/about\\">
      <a style={{...}} onClick={[Function: onClick]} href=\\"/about\\">
        About
      </a>
    </Link>
  </div>
</Header>"
`;
